clcd.c:32:6:delay_us	24	static
clcd.c:51:6:E_test	8	static
clcd.c:59:6:RS_test	8	static
clcd.c:67:6:D_test	8	static
clcd.c:77:6:CLCD_cmd	16	static
clcd.c:89:6:CLCD_cmd_high_nibble	16	static
clcd.c:99:6:CLCD_data	16	static
clcd.c:111:6:CLCD_puts_fill	24	static
clcd.c:122:6:CLCD_puts	16	static
clcd.c:128:6:CLCD_printf	16	static
clcd.c:134:6:CLCD_init	8	static
clcd.c:156:6:display_idle	40	static
clcd.c:172:7:to_lcd_string	32	static
clcd.c:198:6:display_run	48	static
clcd.c:215:6:display_run_done	48	static
