main.c:92:6:MY_IWDG_Init	8	static
main.c:102:5:main	16	static
main.c:186:6:SystemClock_Config	184	static
main.c:249:13:MX_I2C1_Init	8	static
main.c:295:13:MX_IWDG_Init	8	static
main.c:324:13:MX_LPTIM1_Init	8	static
main.c:360:13:MX_LPTIM2_Init	8	static
main.c:396:13:MX_TIM1_Init	40	static
main.c:446:13:MX_TIM2_Init	40	static
main.c:494:13:MX_TIM15_Init	40	static
main.c:540:13:MX_USART1_UART_Init	8	static
main.c:575:13:MX_USART2_UART_Init	8	static
main.c:608:13:MX_DMA_Init	16	static
main.c:629:13:MX_GPIO_Init	40	static
main.c:661:6:JCNET_USART1_UART_Init	8	static
main.c:666:6:JCNET_USART2_UART_Init	8	static
main.c:676:6:Error_Handler	4	static,ignoring_inline_asm
