main.c:87:5:main	8	static
main.c:146:6:SystemClock_Config	184	static
main.c:208:13:MX_I2C1_Init	8	static
main.c:254:13:MX_LPTIM1_Init	8	static
main.c:290:13:MX_LPTIM2_Init	8	static
main.c:326:13:MX_TIM1_Init	40	static
main.c:376:13:MX_TIM2_Init	40	static
main.c:424:13:MX_USART1_UART_Init	8	static
main.c:459:13:MX_USART2_UART_Init	8	static
main.c:492:13:MX_DMA_Init	16	static
main.c:510:13:MX_GPIO_Init	40	static
main.c:542:6:JCNET_USART1_UART_Init	8	static
main.c:547:6:JCNET_USART2_UART_Init	8	static
main.c:557:6:Error_Handler	4	static,ignoring_inline_asm
