stm32l4xx_it.c:76:6:NMI_Handler	4	static
stm32l4xx_it.c:91:6:HardFault_Handler	4	static
stm32l4xx_it.c:106:6:MemManage_Handler	4	static
stm32l4xx_it.c:121:6:BusFault_Handler	4	static
stm32l4xx_it.c:136:6:UsageFault_Handler	4	static
stm32l4xx_it.c:151:6:SVC_Handler	4	static
stm32l4xx_it.c:164:6:DebugMon_Handler	4	static
stm32l4xx_it.c:177:6:PendSV_Handler	4	static
stm32l4xx_it.c:190:6:SysTick_Handler	8	static
stm32l4xx_it.c:215:6:DMA1_Channel4_IRQHandler	8	static
stm32l4xx_it.c:229:6:DMA1_Channel5_IRQHandler	8	static
stm32l4xx_it.c:243:6:DMA1_Channel6_IRQHandler	8	static
stm32l4xx_it.c:257:6:DMA1_Channel7_IRQHandler	8	static
stm32l4xx_it.c:271:6:I2C1_EV_IRQHandler	8	static
stm32l4xx_it.c:285:6:I2C1_ER_IRQHandler	8	static
stm32l4xx_it.c:299:6:USART1_IRQHandler	8	static
stm32l4xx_it.c:313:6:USART2_IRQHandler	32	static
